In localization file command.txt
 Not found translation TradeInfo
